// Jest Snapshot v1, https://goo.gl/fbAQLP

exports[`DropdownSelect renders correctly with default optionl arguments 1`] = `
<DocumentFragment>
  <div
    class="DropdownSelectContainer"
  >
    <span>
      testDropdown:
    </span>
    <select
      class="FilterSelect"
      id="testDropdown"
      name="testdropdown"
    >
      <option
        value="option 1"
      >
        option 1
      </option>
      <option
        value="option 2"
      >
        option 2
      </option>
      <option
        value="option 3"
      >
        option 3
      </option>
    </select>
  </div>
</DocumentFragment>
`;
